// Jest Snapshot v1, https://goo.gl/fbAQLP

exports[`FormItem should match the snapshot 1`] = `
<div
  className="FormItem"
  id={1}
>
  <img
    alt="Checkbox"
    aria-checked={false}
    className="icon check-box"
    onClick={[Function]}
    role="checkbox"
    src="check_box_blank.svg"
  />
  <input
    className="item-text false"
    contentEditable={true}
    onChange={[Function]}
    onKeyPress={[Function]}
    placeholder="List item"
    type="text"
    value="do the dishes"
  />
  <img
    alt="Clear item"
    className="icon clear"
    onClick={[Function]}
    src="clear.svg"
  />
</div>
`;
