// Jest Snapshot v1, https://goo.gl/fbAQLP

exports[`Card component should match the snapshot 1`] = `
<div
  className="card-outline"
>
  <Link
    className="card"
    to="/notes/1"
  >
    <h1>
      Chores
    </h1>
    <div
      className="item"
    >
      <img
        alt="Checkbox"
        className="icon check-box"
        src="check_box_blank.svg"
      />
      <p />
    </div>
    <div
      className="item"
    >
      <img
        alt="Checkbox"
        className="icon check-box"
        src="check_box_blank.svg"
      />
      <p />
    </div>
    <div
      className="item"
    >
      <img
        alt="Checkbox"
        className="icon check-box"
        src="check_box_blank.svg"
      />
      <p />
    </div>
    <p>
      0
       item(s) completed!
    </p>
  </Link>
  <img
    alt="Delete card"
    className="delete-btn"
    onClick={[Function]}
    src="delete_outline.svg"
  />
</div>
`;
